// Jest Snapshot v1, https://goo.gl/fbAQLP

exports[`Column renders correctly 1`] = `ShallowWrapper {}`;
